// Jest Snapshot v1, https://goo.gl/fbAQLP

exports[`app.js response correctly when processing the home route 1`] = `"okay"`;
